2025-04-21 06:32:09,687 - [INFO] - Konfiguratsiya fayli muvaffaqiyatli o‘qildi: config.conf
